<?xml version="1.0" encoding="utf-8"?>

<worksheet xmlns="http://schemas.openxmlformats.org/spreadsheetml/2006/main" xmlns:r="http://schemas.openxmlformats.org/officeDocument/2006/relationships" xmlns:mc="http://schemas.openxmlformats.org/markup-compatibility/2006" xmlns:x14ac="http://schemas.microsoft.com/office/spreadsheetml/2009/9/ac" mc:Ignorable="x14ac">
  <sheetViews>
    <sheetView workbookViewId="0">
      <pane ySplit="1" topLeftCell="B2" state="frozen" />
      <selection pane="bottomLeft" activeCell="B6" sqref="B6" />
    </sheetView>
  </sheetViews>
  <cols>
    <col min="3" max="3" width="16" customWidth="1" />
  </cols>
  <sheetData>
    <row r="1">
      <c r="A1" s="0" t="s">
        <v>0</v>
      </c>
      <c r="B1" s="0" t="s">
        <v>1</v>
      </c>
      <c r="C1" s="0" t="s">
        <v>2</v>
      </c>
    </row>
    <row r="2">
      <c r="A2" s="0">
        <v>1</v>
      </c>
      <c r="B2" s="0">
        <v>1001</v>
      </c>
      <c r="C2" s="0">
        <v>10010001</v>
      </c>
    </row>
    <row r="3">
      <c r="A3" s="0">
        <v>2</v>
      </c>
      <c r="B3" s="0">
        <v>2002</v>
      </c>
      <c r="C3" s="0">
        <v>20020002</v>
      </c>
    </row>
    <row r="4">
      <c r="A4" s="0">
        <v>3</v>
      </c>
      <c r="B4" s="0">
        <v>3003</v>
      </c>
      <c r="C4" s="0">
        <v>30030003</v>
      </c>
    </row>
    <row r="5">
      <c r="A5" s="0">
        <v>4</v>
      </c>
      <c r="B5" s="0">
        <v>4004</v>
      </c>
      <c r="C5" s="0">
        <v>40040004</v>
      </c>
    </row>
    <row r="6">
      <c r="A6" s="0">
        <v>5</v>
      </c>
      <c r="B6" s="0">
        <v>5005</v>
      </c>
      <c r="C6" s="0">
        <v>50050005</v>
      </c>
    </row>
    <row r="7">
      <c r="A7" s="0">
        <v>6</v>
      </c>
      <c r="B7" s="0">
        <v>6006</v>
      </c>
      <c r="C7" s="0">
        <v>60060006</v>
      </c>
    </row>
    <row r="8">
      <c r="A8" s="0">
        <v>7</v>
      </c>
      <c r="B8" s="0">
        <v>7007</v>
      </c>
      <c r="C8" s="0">
        <v>70070007</v>
      </c>
    </row>
    <row r="9">
      <c r="A9" s="0">
        <v>8</v>
      </c>
      <c r="B9" s="0">
        <v>8008</v>
      </c>
      <c r="C9" s="0">
        <v>80080008</v>
      </c>
    </row>
    <row r="10">
      <c r="A10" s="0">
        <v>9</v>
      </c>
      <c r="B10" s="0">
        <v>9009</v>
      </c>
      <c r="C10" s="0">
        <v>90090009</v>
      </c>
    </row>
    <row r="11">
      <c r="A11" s="0">
        <v>10</v>
      </c>
      <c r="B11" s="0">
        <v>10010</v>
      </c>
      <c r="C11" s="0">
        <v>100100010</v>
      </c>
    </row>
    <row r="12">
      <c r="A12" s="0">
        <v>11</v>
      </c>
      <c r="B12" s="0">
        <v>11011</v>
      </c>
      <c r="C12" s="0">
        <v>110110011</v>
      </c>
    </row>
    <row r="13">
      <c r="A13" s="0">
        <v>12</v>
      </c>
      <c r="B13" s="0">
        <v>12012</v>
      </c>
      <c r="C13" s="0">
        <v>120120012</v>
      </c>
    </row>
    <row r="14">
      <c r="A14" s="0">
        <v>13</v>
      </c>
      <c r="B14" s="0">
        <v>13013</v>
      </c>
      <c r="C14" s="0">
        <v>130130013</v>
      </c>
    </row>
    <row r="15">
      <c r="A15" s="0">
        <v>14</v>
      </c>
      <c r="B15" s="0">
        <v>14014</v>
      </c>
      <c r="C15" s="0">
        <v>140140014</v>
      </c>
    </row>
    <row r="16">
      <c r="A16" s="0">
        <v>15</v>
      </c>
      <c r="B16" s="0">
        <v>15015</v>
      </c>
      <c r="C16" s="0">
        <v>150150015</v>
      </c>
    </row>
    <row r="17">
      <c r="A17" s="0">
        <v>16</v>
      </c>
      <c r="B17" s="0">
        <v>16016</v>
      </c>
      <c r="C17" s="0">
        <v>160160016</v>
      </c>
    </row>
    <row r="18">
      <c r="A18" s="0">
        <v>17</v>
      </c>
      <c r="B18" s="0">
        <v>17017</v>
      </c>
      <c r="C18" s="0">
        <v>170170017</v>
      </c>
    </row>
    <row r="19">
      <c r="A19" s="0">
        <v>18</v>
      </c>
      <c r="B19" s="0">
        <v>18018</v>
      </c>
      <c r="C19" s="0">
        <v>180180018</v>
      </c>
    </row>
    <row r="20">
      <c r="A20" s="0">
        <v>19</v>
      </c>
      <c r="B20" s="0">
        <v>19019</v>
      </c>
      <c r="C20" s="0">
        <v>190190019</v>
      </c>
    </row>
    <row r="21">
      <c r="A21" s="0">
        <v>20</v>
      </c>
      <c r="B21" s="0">
        <v>20020</v>
      </c>
      <c r="C21" s="0">
        <v>200200020</v>
      </c>
    </row>
    <row r="22">
      <c r="A22" s="0">
        <v>21</v>
      </c>
      <c r="B22" s="0">
        <v>21021</v>
      </c>
      <c r="C22" s="0">
        <v>210210021</v>
      </c>
    </row>
    <row r="23">
      <c r="A23" s="0">
        <v>22</v>
      </c>
      <c r="B23" s="0">
        <v>22022</v>
      </c>
      <c r="C23" s="0">
        <v>220220022</v>
      </c>
    </row>
    <row r="24">
      <c r="A24" s="0">
        <v>23</v>
      </c>
      <c r="B24" s="0">
        <v>23023</v>
      </c>
      <c r="C24" s="0">
        <v>230230023</v>
      </c>
    </row>
    <row r="25">
      <c r="A25" s="0">
        <v>24</v>
      </c>
      <c r="B25" s="0">
        <v>24024</v>
      </c>
      <c r="C25" s="0">
        <v>240240024</v>
      </c>
    </row>
    <row r="26">
      <c r="A26" s="0">
        <v>25</v>
      </c>
      <c r="B26" s="0">
        <v>25025</v>
      </c>
      <c r="C26" s="0">
        <v>250250025</v>
      </c>
    </row>
    <row r="27">
      <c r="A27" s="0">
        <v>26</v>
      </c>
      <c r="B27" s="0">
        <v>26026</v>
      </c>
      <c r="C27" s="0">
        <v>260260026</v>
      </c>
    </row>
    <row r="28">
      <c r="A28" s="0">
        <v>27</v>
      </c>
      <c r="B28" s="0">
        <v>27027</v>
      </c>
      <c r="C28" s="0">
        <v>270270027</v>
      </c>
    </row>
    <row r="29">
      <c r="A29" s="0">
        <v>28</v>
      </c>
      <c r="B29" s="0">
        <v>28028</v>
      </c>
      <c r="C29" s="0">
        <v>280280028</v>
      </c>
    </row>
    <row r="30">
      <c r="A30" s="0">
        <v>29</v>
      </c>
      <c r="B30" s="0">
        <v>29029</v>
      </c>
      <c r="C30" s="0">
        <v>290290029</v>
      </c>
    </row>
    <row r="31">
      <c r="A31" s="0">
        <v>30</v>
      </c>
      <c r="B31" s="0">
        <v>30030</v>
      </c>
      <c r="C31" s="0">
        <v>300300030</v>
      </c>
    </row>
    <row r="32">
      <c r="A32" s="0">
        <v>31</v>
      </c>
      <c r="B32" s="0">
        <v>31031</v>
      </c>
      <c r="C32" s="0">
        <v>310310031</v>
      </c>
    </row>
    <row r="33">
      <c r="A33" s="0">
        <v>32</v>
      </c>
      <c r="B33" s="0">
        <v>32032</v>
      </c>
      <c r="C33" s="0">
        <v>320320032</v>
      </c>
    </row>
    <row r="34">
      <c r="A34" s="0">
        <v>33</v>
      </c>
      <c r="B34" s="0">
        <v>33033</v>
      </c>
      <c r="C34" s="0">
        <v>330330033</v>
      </c>
    </row>
    <row r="35">
      <c r="A35" s="0">
        <v>34</v>
      </c>
      <c r="B35" s="0">
        <v>34034</v>
      </c>
      <c r="C35" s="0">
        <v>340340034</v>
      </c>
    </row>
    <row r="36">
      <c r="A36" s="0">
        <v>35</v>
      </c>
      <c r="B36" s="0">
        <v>35035</v>
      </c>
      <c r="C36" s="0">
        <v>350350035</v>
      </c>
    </row>
    <row r="37">
      <c r="A37" s="0">
        <v>36</v>
      </c>
      <c r="B37" s="0">
        <v>36036</v>
      </c>
      <c r="C37" s="0">
        <v>360360036</v>
      </c>
    </row>
    <row r="38">
      <c r="A38" s="0">
        <v>37</v>
      </c>
      <c r="B38" s="0">
        <v>37037</v>
      </c>
      <c r="C38" s="0">
        <v>370370037</v>
      </c>
    </row>
    <row r="39">
      <c r="A39" s="0">
        <v>38</v>
      </c>
      <c r="B39" s="0">
        <v>38038</v>
      </c>
      <c r="C39" s="0">
        <v>380380038</v>
      </c>
    </row>
    <row r="40">
      <c r="A40" s="0">
        <v>39</v>
      </c>
      <c r="B40" s="0">
        <v>39039</v>
      </c>
      <c r="C40" s="0">
        <v>390390039</v>
      </c>
    </row>
    <row r="41">
      <c r="A41" s="0">
        <v>40</v>
      </c>
      <c r="B41" s="0">
        <v>40040</v>
      </c>
      <c r="C41" s="0">
        <v>400400040</v>
      </c>
    </row>
    <row r="42">
      <c r="A42" s="0">
        <v>41</v>
      </c>
      <c r="B42" s="0">
        <v>41041</v>
      </c>
      <c r="C42" s="0">
        <v>410410041</v>
      </c>
    </row>
    <row r="43">
      <c r="A43" s="0">
        <v>42</v>
      </c>
      <c r="B43" s="0">
        <v>42042</v>
      </c>
      <c r="C43" s="0">
        <v>420420042</v>
      </c>
    </row>
    <row r="44">
      <c r="A44" s="0">
        <v>43</v>
      </c>
      <c r="B44" s="0">
        <v>43043</v>
      </c>
      <c r="C44" s="0">
        <v>430430043</v>
      </c>
    </row>
    <row r="45">
      <c r="A45" s="0">
        <v>44</v>
      </c>
      <c r="B45" s="0">
        <v>44044</v>
      </c>
      <c r="C45" s="0">
        <v>440440044</v>
      </c>
    </row>
    <row r="46">
      <c r="A46" s="0">
        <v>45</v>
      </c>
      <c r="B46" s="0">
        <v>45045</v>
      </c>
      <c r="C46" s="0">
        <v>450450045</v>
      </c>
    </row>
    <row r="47">
      <c r="A47" s="0">
        <v>46</v>
      </c>
      <c r="B47" s="0">
        <v>46046</v>
      </c>
      <c r="C47" s="0">
        <v>460460046</v>
      </c>
    </row>
    <row r="48">
      <c r="A48" s="0">
        <v>47</v>
      </c>
      <c r="B48" s="0">
        <v>47047</v>
      </c>
      <c r="C48" s="0">
        <v>470470047</v>
      </c>
    </row>
    <row r="49">
      <c r="A49" s="0">
        <v>48</v>
      </c>
      <c r="B49" s="0">
        <v>48048</v>
      </c>
      <c r="C49" s="0">
        <v>480480048</v>
      </c>
    </row>
    <row r="50">
      <c r="A50" s="0">
        <v>49</v>
      </c>
      <c r="B50" s="0">
        <v>49049</v>
      </c>
      <c r="C50" s="0">
        <v>490490049</v>
      </c>
    </row>
    <row r="51">
      <c r="A51" s="0">
        <v>50</v>
      </c>
      <c r="B51" s="0">
        <v>50050</v>
      </c>
      <c r="C51" s="0">
        <v>500500050</v>
      </c>
    </row>
    <row r="52">
      <c r="A52" s="0">
        <v>51</v>
      </c>
      <c r="B52" s="0">
        <v>51051</v>
      </c>
      <c r="C52" s="0">
        <v>510510051</v>
      </c>
    </row>
    <row r="53">
      <c r="A53" s="0">
        <v>52</v>
      </c>
      <c r="B53" s="0">
        <v>52052</v>
      </c>
      <c r="C53" s="0">
        <v>520520052</v>
      </c>
    </row>
    <row r="54">
      <c r="A54" s="0">
        <v>53</v>
      </c>
      <c r="B54" s="0">
        <v>53053</v>
      </c>
      <c r="C54" s="0">
        <v>530530053</v>
      </c>
    </row>
    <row r="55">
      <c r="A55" s="0">
        <v>54</v>
      </c>
      <c r="B55" s="0">
        <v>54054</v>
      </c>
      <c r="C55" s="0">
        <v>540540054</v>
      </c>
    </row>
    <row r="56">
      <c r="A56" s="0">
        <v>55</v>
      </c>
      <c r="B56" s="0">
        <v>55055</v>
      </c>
      <c r="C56" s="0">
        <v>550550055</v>
      </c>
    </row>
    <row r="57">
      <c r="A57" s="0">
        <v>56</v>
      </c>
      <c r="B57" s="0">
        <v>56056</v>
      </c>
      <c r="C57" s="0">
        <v>560560056</v>
      </c>
    </row>
    <row r="58">
      <c r="A58" s="0">
        <v>57</v>
      </c>
      <c r="B58" s="0">
        <v>57057</v>
      </c>
      <c r="C58" s="0">
        <v>570570057</v>
      </c>
    </row>
    <row r="59">
      <c r="A59" s="0">
        <v>58</v>
      </c>
      <c r="B59" s="0">
        <v>58058</v>
      </c>
      <c r="C59" s="0">
        <v>580580058</v>
      </c>
    </row>
    <row r="60">
      <c r="A60" s="0">
        <v>59</v>
      </c>
      <c r="B60" s="0">
        <v>59059</v>
      </c>
      <c r="C60" s="0">
        <v>590590059</v>
      </c>
    </row>
    <row r="61">
      <c r="A61" s="0">
        <v>60</v>
      </c>
      <c r="B61" s="0">
        <v>60060</v>
      </c>
      <c r="C61" s="0">
        <v>600600060</v>
      </c>
    </row>
    <row r="62">
      <c r="A62" s="0">
        <v>61</v>
      </c>
      <c r="B62" s="0">
        <v>61061</v>
      </c>
      <c r="C62" s="0">
        <v>610610061</v>
      </c>
    </row>
    <row r="63">
      <c r="A63" s="0">
        <v>62</v>
      </c>
      <c r="B63" s="0">
        <v>62062</v>
      </c>
      <c r="C63" s="0">
        <v>620620062</v>
      </c>
    </row>
    <row r="64">
      <c r="A64" s="0">
        <v>63</v>
      </c>
      <c r="B64" s="0">
        <v>63063</v>
      </c>
      <c r="C64" s="0">
        <v>630630063</v>
      </c>
    </row>
    <row r="65">
      <c r="A65" s="0">
        <v>64</v>
      </c>
      <c r="B65" s="0">
        <v>64064</v>
      </c>
      <c r="C65" s="0">
        <v>640640064</v>
      </c>
    </row>
    <row r="66">
      <c r="A66" s="0">
        <v>65</v>
      </c>
      <c r="B66" s="0">
        <v>65065</v>
      </c>
      <c r="C66" s="0">
        <v>650650065</v>
      </c>
    </row>
    <row r="67">
      <c r="A67" s="0">
        <v>66</v>
      </c>
      <c r="B67" s="0">
        <v>66066</v>
      </c>
      <c r="C67" s="0">
        <v>660660066</v>
      </c>
    </row>
    <row r="68">
      <c r="A68" s="0">
        <v>67</v>
      </c>
      <c r="B68" s="0">
        <v>67067</v>
      </c>
      <c r="C68" s="0">
        <v>670670067</v>
      </c>
    </row>
    <row r="69">
      <c r="A69" s="0">
        <v>68</v>
      </c>
      <c r="B69" s="0">
        <v>68068</v>
      </c>
      <c r="C69" s="0">
        <v>680680068</v>
      </c>
    </row>
    <row r="70">
      <c r="A70" s="0">
        <v>69</v>
      </c>
      <c r="B70" s="0">
        <v>69069</v>
      </c>
      <c r="C70" s="0">
        <v>690690069</v>
      </c>
    </row>
    <row r="71">
      <c r="A71" s="0">
        <v>70</v>
      </c>
      <c r="B71" s="0">
        <v>70070</v>
      </c>
      <c r="C71" s="0">
        <v>700700070</v>
      </c>
    </row>
    <row r="72">
      <c r="A72" s="0">
        <v>71</v>
      </c>
      <c r="B72" s="0">
        <v>71071</v>
      </c>
      <c r="C72" s="0">
        <v>710710071</v>
      </c>
    </row>
    <row r="73">
      <c r="A73" s="0">
        <v>72</v>
      </c>
      <c r="B73" s="0">
        <v>72072</v>
      </c>
      <c r="C73" s="0">
        <v>720720072</v>
      </c>
    </row>
    <row r="74">
      <c r="A74" s="0">
        <v>73</v>
      </c>
      <c r="B74" s="0">
        <v>73073</v>
      </c>
      <c r="C74" s="0">
        <v>730730073</v>
      </c>
    </row>
    <row r="75">
      <c r="A75" s="0">
        <v>74</v>
      </c>
      <c r="B75" s="0">
        <v>74074</v>
      </c>
      <c r="C75" s="0">
        <v>740740074</v>
      </c>
    </row>
    <row r="76">
      <c r="A76" s="0">
        <v>75</v>
      </c>
      <c r="B76" s="0">
        <v>75075</v>
      </c>
      <c r="C76" s="0">
        <v>750750075</v>
      </c>
    </row>
    <row r="77">
      <c r="A77" s="0">
        <v>76</v>
      </c>
      <c r="B77" s="0">
        <v>76076</v>
      </c>
      <c r="C77" s="0">
        <v>760760076</v>
      </c>
    </row>
    <row r="78">
      <c r="A78" s="0">
        <v>77</v>
      </c>
      <c r="B78" s="0">
        <v>77077</v>
      </c>
      <c r="C78" s="0">
        <v>770770077</v>
      </c>
    </row>
    <row r="79">
      <c r="A79" s="0">
        <v>78</v>
      </c>
      <c r="B79" s="0">
        <v>78078</v>
      </c>
      <c r="C79" s="0">
        <v>780780078</v>
      </c>
    </row>
    <row r="80">
      <c r="A80" s="0">
        <v>79</v>
      </c>
      <c r="B80" s="0">
        <v>79079</v>
      </c>
      <c r="C80" s="0">
        <v>790790079</v>
      </c>
    </row>
    <row r="81">
      <c r="A81" s="0">
        <v>80</v>
      </c>
      <c r="B81" s="0">
        <v>80080</v>
      </c>
      <c r="C81" s="0">
        <v>800800080</v>
      </c>
    </row>
    <row r="82">
      <c r="A82" s="0">
        <v>81</v>
      </c>
      <c r="B82" s="0">
        <v>81081</v>
      </c>
      <c r="C82" s="0">
        <v>810810081</v>
      </c>
    </row>
    <row r="83">
      <c r="A83" s="0">
        <v>82</v>
      </c>
      <c r="B83" s="0">
        <v>82082</v>
      </c>
      <c r="C83" s="0">
        <v>820820082</v>
      </c>
    </row>
    <row r="84">
      <c r="A84" s="0">
        <v>83</v>
      </c>
      <c r="B84" s="0">
        <v>83083</v>
      </c>
      <c r="C84" s="0">
        <v>830830083</v>
      </c>
    </row>
    <row r="85">
      <c r="A85" s="0">
        <v>84</v>
      </c>
      <c r="B85" s="0">
        <v>84084</v>
      </c>
      <c r="C85" s="0">
        <v>840840084</v>
      </c>
    </row>
    <row r="86">
      <c r="A86" s="0">
        <v>85</v>
      </c>
      <c r="B86" s="0">
        <v>85085</v>
      </c>
      <c r="C86" s="0">
        <v>850850085</v>
      </c>
    </row>
    <row r="87">
      <c r="A87" s="0">
        <v>86</v>
      </c>
      <c r="B87" s="0">
        <v>86086</v>
      </c>
      <c r="C87" s="0">
        <v>860860086</v>
      </c>
    </row>
    <row r="88">
      <c r="A88" s="0">
        <v>87</v>
      </c>
      <c r="B88" s="0">
        <v>87087</v>
      </c>
      <c r="C88" s="0">
        <v>870870087</v>
      </c>
    </row>
    <row r="89">
      <c r="A89" s="0">
        <v>88</v>
      </c>
      <c r="B89" s="0">
        <v>88088</v>
      </c>
      <c r="C89" s="0">
        <v>880880088</v>
      </c>
    </row>
    <row r="90">
      <c r="A90" s="0">
        <v>89</v>
      </c>
      <c r="B90" s="0">
        <v>89089</v>
      </c>
      <c r="C90" s="0">
        <v>890890089</v>
      </c>
    </row>
    <row r="91">
      <c r="A91" s="0">
        <v>90</v>
      </c>
      <c r="B91" s="0">
        <v>90090</v>
      </c>
      <c r="C91" s="0">
        <v>900900090</v>
      </c>
    </row>
    <row r="92">
      <c r="A92" s="0">
        <v>91</v>
      </c>
      <c r="B92" s="0">
        <v>91091</v>
      </c>
      <c r="C92" s="0">
        <v>910910091</v>
      </c>
    </row>
    <row r="93">
      <c r="A93" s="0">
        <v>92</v>
      </c>
      <c r="B93" s="0">
        <v>92092</v>
      </c>
      <c r="C93" s="0">
        <v>920920092</v>
      </c>
    </row>
    <row r="94">
      <c r="A94" s="0">
        <v>93</v>
      </c>
      <c r="B94" s="0">
        <v>93093</v>
      </c>
      <c r="C94" s="0">
        <v>930930093</v>
      </c>
    </row>
    <row r="95">
      <c r="A95" s="0">
        <v>94</v>
      </c>
      <c r="B95" s="0">
        <v>94094</v>
      </c>
      <c r="C95" s="0">
        <v>940940094</v>
      </c>
    </row>
    <row r="96">
      <c r="A96" s="0">
        <v>95</v>
      </c>
      <c r="B96" s="0">
        <v>95095</v>
      </c>
      <c r="C96" s="0">
        <v>950950095</v>
      </c>
    </row>
    <row r="97">
      <c r="A97" s="0">
        <v>96</v>
      </c>
      <c r="B97" s="0">
        <v>96096</v>
      </c>
      <c r="C97" s="0">
        <v>960960096</v>
      </c>
    </row>
    <row r="98">
      <c r="A98" s="0">
        <v>97</v>
      </c>
      <c r="B98" s="0">
        <v>97097</v>
      </c>
      <c r="C98" s="0">
        <v>970970097</v>
      </c>
    </row>
    <row r="99">
      <c r="A99" s="0">
        <v>98</v>
      </c>
      <c r="B99" s="0">
        <v>98098</v>
      </c>
      <c r="C99" s="0">
        <v>980980098</v>
      </c>
    </row>
    <row r="100">
      <c r="A100" s="0">
        <v>99</v>
      </c>
      <c r="B100" s="0">
        <v>99099</v>
      </c>
      <c r="C100" s="0">
        <v>990990099</v>
      </c>
    </row>
    <row r="101">
      <c r="A101" s="0">
        <v>100</v>
      </c>
      <c r="B101" s="0">
        <v>100100</v>
      </c>
      <c r="C101" s="0">
        <v>1001000100</v>
      </c>
    </row>
  </sheetData>
  <pageMargins left="0.36000000000000004" right="0.2" top="1" bottom="1" header="0.5" footer="0.5" />
  <pageSetup paperSize="9" scale="67" orientation="landscape" horizontalDpi="4294967292" verticalDpi="4294967292" />
</worksheet>
