<?xml version="1.0" encoding="utf-8"?>

<worksheet xmlns="http://schemas.openxmlformats.org/spreadsheetml/2006/main" xmlns:r="http://schemas.openxmlformats.org/officeDocument/2006/relationships" xmlns:mc="http://schemas.openxmlformats.org/markup-compatibility/2006" xmlns:x14ac="http://schemas.microsoft.com/office/spreadsheetml/2009/9/ac" mc:Ignorable="x14ac">
  <sheetViews>
    <sheetView workbookViewId="0">
      <pane xSplit="1" topLeftCell="B2" state="frozen" />
      <selection pane="topRight" activeCell="B6" sqref="B6" />
    </sheetView>
  </sheetViews>
  <cols>
    <col min="2" max="2" width="16" customWidth="1" />
    <col min="3" max="3" width="16" customWidth="1" />
    <col min="4" max="4" width="16" customWidth="1" />
    <col min="5" max="5" width="16" customWidth="1" />
    <col min="6" max="6" width="16" customWidth="1" />
    <col min="7" max="7" width="16" customWidth="1" />
    <col min="8" max="8" width="16" customWidth="1" />
    <col min="9" max="9" width="16" customWidth="1" />
    <col min="10" max="10" width="16" customWidth="1" />
    <col min="11" max="11" width="16" customWidth="1" />
    <col min="12" max="12" width="16" customWidth="1" />
    <col min="13" max="13" width="16" customWidth="1" />
    <col min="14" max="14" width="16" customWidth="1" />
    <col min="15" max="15" width="16" customWidth="1" />
    <col min="16" max="16" width="16" customWidth="1" />
    <col min="17" max="17" width="16" customWidth="1" />
    <col min="18" max="18" width="16" customWidth="1" />
    <col min="19" max="19" width="16" customWidth="1" />
    <col min="20" max="20" width="16" customWidth="1" />
    <col min="21" max="21" width="16" customWidth="1" />
    <col min="22" max="22" width="16" customWidth="1" />
    <col min="23" max="23" width="16" customWidth="1" />
    <col min="24" max="24" width="16" customWidth="1" />
    <col min="25" max="25" width="16" customWidth="1" />
    <col min="26" max="26" width="16" customWidth="1" />
    <col min="27" max="27" width="16" customWidth="1" />
    <col min="28" max="28" width="16" customWidth="1" />
    <col min="29" max="29" width="16" customWidth="1" />
    <col min="30" max="30" width="16" customWidth="1" />
    <col min="31" max="31" width="16" customWidth="1" />
    <col min="32" max="32" width="16" customWidth="1" />
    <col min="33" max="33" width="16" customWidth="1" />
    <col min="34" max="34" width="16" customWidth="1" />
    <col min="35" max="35" width="16" customWidth="1" />
    <col min="36" max="36" width="16" customWidth="1" />
    <col min="37" max="37" width="16" customWidth="1" />
    <col min="38" max="38" width="16" customWidth="1" />
    <col min="39" max="39" width="16" customWidth="1" />
    <col min="40" max="40" width="16" customWidth="1" />
    <col min="41" max="41" width="16" customWidth="1" />
    <col min="42" max="42" width="16" customWidth="1" />
    <col min="43" max="43" width="16" customWidth="1" />
    <col min="44" max="44" width="16" customWidth="1" />
    <col min="45" max="45" width="16" customWidth="1" />
    <col min="46" max="46" width="16" customWidth="1" />
    <col min="47" max="47" width="16" customWidth="1" />
    <col min="48" max="48" width="16" customWidth="1" />
    <col min="49" max="49" width="16" customWidth="1" />
    <col min="50" max="50" width="16" customWidth="1" />
    <col min="51" max="51" width="16" customWidth="1" />
    <col min="52" max="52" width="16" customWidth="1" />
    <col min="53" max="53" width="16" customWidth="1" />
    <col min="54" max="54" width="16" customWidth="1" />
    <col min="55" max="55" width="16" customWidth="1" />
    <col min="56" max="56" width="16" customWidth="1" />
    <col min="57" max="57" width="16" customWidth="1" />
    <col min="58" max="58" width="16" customWidth="1" />
    <col min="59" max="59" width="16" customWidth="1" />
    <col min="60" max="60" width="16" customWidth="1" />
    <col min="61" max="61" width="16" customWidth="1" />
    <col min="62" max="62" width="16" customWidth="1" />
    <col min="63" max="63" width="16" customWidth="1" />
    <col min="64" max="64" width="16" customWidth="1" />
    <col min="65" max="65" width="16" customWidth="1" />
    <col min="66" max="66" width="16" customWidth="1" />
    <col min="67" max="67" width="16" customWidth="1" />
    <col min="68" max="68" width="16" customWidth="1" />
    <col min="69" max="69" width="16" customWidth="1" />
    <col min="70" max="70" width="16" customWidth="1" />
    <col min="71" max="71" width="16" customWidth="1" />
    <col min="72" max="72" width="16" customWidth="1" />
    <col min="73" max="73" width="16" customWidth="1" />
    <col min="74" max="74" width="16" customWidth="1" />
    <col min="75" max="75" width="16" customWidth="1" />
    <col min="76" max="76" width="16" customWidth="1" />
    <col min="77" max="77" width="16" customWidth="1" />
    <col min="78" max="78" width="16" customWidth="1" />
    <col min="79" max="79" width="16" customWidth="1" />
    <col min="80" max="80" width="16" customWidth="1" />
    <col min="81" max="81" width="16" customWidth="1" />
    <col min="82" max="82" width="16" customWidth="1" />
    <col min="83" max="83" width="16" customWidth="1" />
    <col min="84" max="84" width="16" customWidth="1" />
    <col min="85" max="85" width="16" customWidth="1" />
    <col min="86" max="86" width="16" customWidth="1" />
    <col min="87" max="87" width="16" customWidth="1" />
    <col min="88" max="88" width="16" customWidth="1" />
    <col min="89" max="89" width="16" customWidth="1" />
    <col min="90" max="90" width="16" customWidth="1" />
    <col min="91" max="91" width="16" customWidth="1" />
    <col min="92" max="92" width="16" customWidth="1" />
    <col min="93" max="93" width="16" customWidth="1" />
    <col min="94" max="94" width="16" customWidth="1" />
    <col min="95" max="95" width="16" customWidth="1" />
    <col min="96" max="96" width="16" customWidth="1" />
    <col min="97" max="97" width="16" customWidth="1" />
    <col min="98" max="98" width="16" customWidth="1" />
    <col min="99" max="99" width="16" customWidth="1" />
    <col min="100" max="100" width="16" customWidth="1" />
    <col min="101" max="101" width="16" customWidth="1" />
  </cols>
  <sheetData>
    <row r="1">
      <c r="A1" s="0" t="s">
        <v>3</v>
      </c>
      <c r="B1" s="0">
        <v>1</v>
      </c>
      <c r="C1" s="0">
        <v>2</v>
      </c>
      <c r="D1" s="0">
        <v>3</v>
      </c>
      <c r="E1" s="0">
        <v>4</v>
      </c>
      <c r="F1" s="0">
        <v>5</v>
      </c>
      <c r="G1" s="0">
        <v>6</v>
      </c>
      <c r="H1" s="0">
        <v>7</v>
      </c>
      <c r="I1" s="0">
        <v>8</v>
      </c>
      <c r="J1" s="0">
        <v>9</v>
      </c>
      <c r="K1" s="0">
        <v>10</v>
      </c>
      <c r="L1" s="0">
        <v>11</v>
      </c>
      <c r="M1" s="0">
        <v>12</v>
      </c>
      <c r="N1" s="0">
        <v>13</v>
      </c>
      <c r="O1" s="0">
        <v>14</v>
      </c>
      <c r="P1" s="0">
        <v>15</v>
      </c>
      <c r="Q1" s="0">
        <v>16</v>
      </c>
      <c r="R1" s="0">
        <v>17</v>
      </c>
      <c r="S1" s="0">
        <v>18</v>
      </c>
      <c r="T1" s="0">
        <v>19</v>
      </c>
      <c r="U1" s="0">
        <v>20</v>
      </c>
      <c r="V1" s="0">
        <v>21</v>
      </c>
      <c r="W1" s="0">
        <v>22</v>
      </c>
      <c r="X1" s="0">
        <v>23</v>
      </c>
      <c r="Y1" s="0">
        <v>24</v>
      </c>
      <c r="Z1" s="0">
        <v>25</v>
      </c>
      <c r="AA1" s="0">
        <v>26</v>
      </c>
      <c r="AB1" s="0">
        <v>27</v>
      </c>
      <c r="AC1" s="0">
        <v>28</v>
      </c>
      <c r="AD1" s="0">
        <v>29</v>
      </c>
      <c r="AE1" s="0">
        <v>30</v>
      </c>
      <c r="AF1" s="0">
        <v>31</v>
      </c>
      <c r="AG1" s="0">
        <v>32</v>
      </c>
      <c r="AH1" s="0">
        <v>33</v>
      </c>
      <c r="AI1" s="0">
        <v>34</v>
      </c>
      <c r="AJ1" s="0">
        <v>35</v>
      </c>
      <c r="AK1" s="0">
        <v>36</v>
      </c>
      <c r="AL1" s="0">
        <v>37</v>
      </c>
      <c r="AM1" s="0">
        <v>38</v>
      </c>
      <c r="AN1" s="0">
        <v>39</v>
      </c>
      <c r="AO1" s="0">
        <v>40</v>
      </c>
      <c r="AP1" s="0">
        <v>41</v>
      </c>
      <c r="AQ1" s="0">
        <v>42</v>
      </c>
      <c r="AR1" s="0">
        <v>43</v>
      </c>
      <c r="AS1" s="0">
        <v>44</v>
      </c>
      <c r="AT1" s="0">
        <v>45</v>
      </c>
      <c r="AU1" s="0">
        <v>46</v>
      </c>
      <c r="AV1" s="0">
        <v>47</v>
      </c>
      <c r="AW1" s="0">
        <v>48</v>
      </c>
      <c r="AX1" s="0">
        <v>49</v>
      </c>
      <c r="AY1" s="0">
        <v>50</v>
      </c>
      <c r="AZ1" s="0">
        <v>51</v>
      </c>
      <c r="BA1" s="0">
        <v>52</v>
      </c>
      <c r="BB1" s="0">
        <v>53</v>
      </c>
      <c r="BC1" s="0">
        <v>54</v>
      </c>
      <c r="BD1" s="0">
        <v>55</v>
      </c>
      <c r="BE1" s="0">
        <v>56</v>
      </c>
      <c r="BF1" s="0">
        <v>57</v>
      </c>
      <c r="BG1" s="0">
        <v>58</v>
      </c>
      <c r="BH1" s="0">
        <v>59</v>
      </c>
      <c r="BI1" s="0">
        <v>60</v>
      </c>
      <c r="BJ1" s="0">
        <v>61</v>
      </c>
      <c r="BK1" s="0">
        <v>62</v>
      </c>
      <c r="BL1" s="0">
        <v>63</v>
      </c>
      <c r="BM1" s="0">
        <v>64</v>
      </c>
      <c r="BN1" s="0">
        <v>65</v>
      </c>
      <c r="BO1" s="0">
        <v>66</v>
      </c>
      <c r="BP1" s="0">
        <v>67</v>
      </c>
      <c r="BQ1" s="0">
        <v>68</v>
      </c>
      <c r="BR1" s="0">
        <v>69</v>
      </c>
      <c r="BS1" s="0">
        <v>70</v>
      </c>
      <c r="BT1" s="0">
        <v>71</v>
      </c>
      <c r="BU1" s="0">
        <v>72</v>
      </c>
      <c r="BV1" s="0">
        <v>73</v>
      </c>
      <c r="BW1" s="0">
        <v>74</v>
      </c>
      <c r="BX1" s="0">
        <v>75</v>
      </c>
      <c r="BY1" s="0">
        <v>76</v>
      </c>
      <c r="BZ1" s="0">
        <v>77</v>
      </c>
      <c r="CA1" s="0">
        <v>78</v>
      </c>
      <c r="CB1" s="0">
        <v>79</v>
      </c>
      <c r="CC1" s="0">
        <v>80</v>
      </c>
      <c r="CD1" s="0">
        <v>81</v>
      </c>
      <c r="CE1" s="0">
        <v>82</v>
      </c>
      <c r="CF1" s="0">
        <v>83</v>
      </c>
      <c r="CG1" s="0">
        <v>84</v>
      </c>
      <c r="CH1" s="0">
        <v>85</v>
      </c>
      <c r="CI1" s="0">
        <v>86</v>
      </c>
      <c r="CJ1" s="0">
        <v>87</v>
      </c>
      <c r="CK1" s="0">
        <v>88</v>
      </c>
      <c r="CL1" s="0">
        <v>89</v>
      </c>
      <c r="CM1" s="0">
        <v>90</v>
      </c>
      <c r="CN1" s="0">
        <v>91</v>
      </c>
      <c r="CO1" s="0">
        <v>92</v>
      </c>
      <c r="CP1" s="0">
        <v>93</v>
      </c>
      <c r="CQ1" s="0">
        <v>94</v>
      </c>
      <c r="CR1" s="0">
        <v>95</v>
      </c>
      <c r="CS1" s="0">
        <v>96</v>
      </c>
      <c r="CT1" s="0">
        <v>97</v>
      </c>
      <c r="CU1" s="0">
        <v>98</v>
      </c>
      <c r="CV1" s="0">
        <v>99</v>
      </c>
      <c r="CW1" s="0">
        <v>100</v>
      </c>
    </row>
    <row r="2">
      <c r="A2" s="0" t="s">
        <v>4</v>
      </c>
      <c r="B2" s="0">
        <v>1001</v>
      </c>
      <c r="C2" s="0">
        <v>2002</v>
      </c>
      <c r="D2" s="0">
        <v>3003</v>
      </c>
      <c r="E2" s="0">
        <v>4004</v>
      </c>
      <c r="F2" s="0">
        <v>5005</v>
      </c>
      <c r="G2" s="0">
        <v>6006</v>
      </c>
      <c r="H2" s="0">
        <v>7007</v>
      </c>
      <c r="I2" s="0">
        <v>8008</v>
      </c>
      <c r="J2" s="0">
        <v>9009</v>
      </c>
      <c r="K2" s="0">
        <v>10010</v>
      </c>
      <c r="L2" s="0">
        <v>11011</v>
      </c>
      <c r="M2" s="0">
        <v>12012</v>
      </c>
      <c r="N2" s="0">
        <v>13013</v>
      </c>
      <c r="O2" s="0">
        <v>14014</v>
      </c>
      <c r="P2" s="0">
        <v>15015</v>
      </c>
      <c r="Q2" s="0">
        <v>16016</v>
      </c>
      <c r="R2" s="0">
        <v>17017</v>
      </c>
      <c r="S2" s="0">
        <v>18018</v>
      </c>
      <c r="T2" s="0">
        <v>19019</v>
      </c>
      <c r="U2" s="0">
        <v>20020</v>
      </c>
      <c r="V2" s="0">
        <v>21021</v>
      </c>
      <c r="W2" s="0">
        <v>22022</v>
      </c>
      <c r="X2" s="0">
        <v>23023</v>
      </c>
      <c r="Y2" s="0">
        <v>24024</v>
      </c>
      <c r="Z2" s="0">
        <v>25025</v>
      </c>
      <c r="AA2" s="0">
        <v>26026</v>
      </c>
      <c r="AB2" s="0">
        <v>27027</v>
      </c>
      <c r="AC2" s="0">
        <v>28028</v>
      </c>
      <c r="AD2" s="0">
        <v>29029</v>
      </c>
      <c r="AE2" s="0">
        <v>30030</v>
      </c>
      <c r="AF2" s="0">
        <v>31031</v>
      </c>
      <c r="AG2" s="0">
        <v>32032</v>
      </c>
      <c r="AH2" s="0">
        <v>33033</v>
      </c>
      <c r="AI2" s="0">
        <v>34034</v>
      </c>
      <c r="AJ2" s="0">
        <v>35035</v>
      </c>
      <c r="AK2" s="0">
        <v>36036</v>
      </c>
      <c r="AL2" s="0">
        <v>37037</v>
      </c>
      <c r="AM2" s="0">
        <v>38038</v>
      </c>
      <c r="AN2" s="0">
        <v>39039</v>
      </c>
      <c r="AO2" s="0">
        <v>40040</v>
      </c>
      <c r="AP2" s="0">
        <v>41041</v>
      </c>
      <c r="AQ2" s="0">
        <v>42042</v>
      </c>
      <c r="AR2" s="0">
        <v>43043</v>
      </c>
      <c r="AS2" s="0">
        <v>44044</v>
      </c>
      <c r="AT2" s="0">
        <v>45045</v>
      </c>
      <c r="AU2" s="0">
        <v>46046</v>
      </c>
      <c r="AV2" s="0">
        <v>47047</v>
      </c>
      <c r="AW2" s="0">
        <v>48048</v>
      </c>
      <c r="AX2" s="0">
        <v>49049</v>
      </c>
      <c r="AY2" s="0">
        <v>50050</v>
      </c>
      <c r="AZ2" s="0">
        <v>51051</v>
      </c>
      <c r="BA2" s="0">
        <v>52052</v>
      </c>
      <c r="BB2" s="0">
        <v>53053</v>
      </c>
      <c r="BC2" s="0">
        <v>54054</v>
      </c>
      <c r="BD2" s="0">
        <v>55055</v>
      </c>
      <c r="BE2" s="0">
        <v>56056</v>
      </c>
      <c r="BF2" s="0">
        <v>57057</v>
      </c>
      <c r="BG2" s="0">
        <v>58058</v>
      </c>
      <c r="BH2" s="0">
        <v>59059</v>
      </c>
      <c r="BI2" s="0">
        <v>60060</v>
      </c>
      <c r="BJ2" s="0">
        <v>61061</v>
      </c>
      <c r="BK2" s="0">
        <v>62062</v>
      </c>
      <c r="BL2" s="0">
        <v>63063</v>
      </c>
      <c r="BM2" s="0">
        <v>64064</v>
      </c>
      <c r="BN2" s="0">
        <v>65065</v>
      </c>
      <c r="BO2" s="0">
        <v>66066</v>
      </c>
      <c r="BP2" s="0">
        <v>67067</v>
      </c>
      <c r="BQ2" s="0">
        <v>68068</v>
      </c>
      <c r="BR2" s="0">
        <v>69069</v>
      </c>
      <c r="BS2" s="0">
        <v>70070</v>
      </c>
      <c r="BT2" s="0">
        <v>71071</v>
      </c>
      <c r="BU2" s="0">
        <v>72072</v>
      </c>
      <c r="BV2" s="0">
        <v>73073</v>
      </c>
      <c r="BW2" s="0">
        <v>74074</v>
      </c>
      <c r="BX2" s="0">
        <v>75075</v>
      </c>
      <c r="BY2" s="0">
        <v>76076</v>
      </c>
      <c r="BZ2" s="0">
        <v>77077</v>
      </c>
      <c r="CA2" s="0">
        <v>78078</v>
      </c>
      <c r="CB2" s="0">
        <v>79079</v>
      </c>
      <c r="CC2" s="0">
        <v>80080</v>
      </c>
      <c r="CD2" s="0">
        <v>81081</v>
      </c>
      <c r="CE2" s="0">
        <v>82082</v>
      </c>
      <c r="CF2" s="0">
        <v>83083</v>
      </c>
      <c r="CG2" s="0">
        <v>84084</v>
      </c>
      <c r="CH2" s="0">
        <v>85085</v>
      </c>
      <c r="CI2" s="0">
        <v>86086</v>
      </c>
      <c r="CJ2" s="0">
        <v>87087</v>
      </c>
      <c r="CK2" s="0">
        <v>88088</v>
      </c>
      <c r="CL2" s="0">
        <v>89089</v>
      </c>
      <c r="CM2" s="0">
        <v>90090</v>
      </c>
      <c r="CN2" s="0">
        <v>91091</v>
      </c>
      <c r="CO2" s="0">
        <v>92092</v>
      </c>
      <c r="CP2" s="0">
        <v>93093</v>
      </c>
      <c r="CQ2" s="0">
        <v>94094</v>
      </c>
      <c r="CR2" s="0">
        <v>95095</v>
      </c>
      <c r="CS2" s="0">
        <v>96096</v>
      </c>
      <c r="CT2" s="0">
        <v>97097</v>
      </c>
      <c r="CU2" s="0">
        <v>98098</v>
      </c>
      <c r="CV2" s="0">
        <v>99099</v>
      </c>
      <c r="CW2" s="0">
        <v>100100</v>
      </c>
    </row>
    <row r="3">
      <c r="A3" s="0" t="s">
        <v>5</v>
      </c>
      <c r="B3" s="0">
        <v>10010001</v>
      </c>
      <c r="C3" s="0">
        <v>20020002</v>
      </c>
      <c r="D3" s="0">
        <v>30030003</v>
      </c>
      <c r="E3" s="0">
        <v>40040004</v>
      </c>
      <c r="F3" s="0">
        <v>50050005</v>
      </c>
      <c r="G3" s="0">
        <v>60060006</v>
      </c>
      <c r="H3" s="0">
        <v>70070007</v>
      </c>
      <c r="I3" s="0">
        <v>80080008</v>
      </c>
      <c r="J3" s="0">
        <v>90090009</v>
      </c>
      <c r="K3" s="0">
        <v>100100010</v>
      </c>
      <c r="L3" s="0">
        <v>110110011</v>
      </c>
      <c r="M3" s="0">
        <v>120120012</v>
      </c>
      <c r="N3" s="0">
        <v>130130013</v>
      </c>
      <c r="O3" s="0">
        <v>140140014</v>
      </c>
      <c r="P3" s="0">
        <v>150150015</v>
      </c>
      <c r="Q3" s="0">
        <v>160160016</v>
      </c>
      <c r="R3" s="0">
        <v>170170017</v>
      </c>
      <c r="S3" s="0">
        <v>180180018</v>
      </c>
      <c r="T3" s="0">
        <v>190190019</v>
      </c>
      <c r="U3" s="0">
        <v>200200020</v>
      </c>
      <c r="V3" s="0">
        <v>210210021</v>
      </c>
      <c r="W3" s="0">
        <v>220220022</v>
      </c>
      <c r="X3" s="0">
        <v>230230023</v>
      </c>
      <c r="Y3" s="0">
        <v>240240024</v>
      </c>
      <c r="Z3" s="0">
        <v>250250025</v>
      </c>
      <c r="AA3" s="0">
        <v>260260026</v>
      </c>
      <c r="AB3" s="0">
        <v>270270027</v>
      </c>
      <c r="AC3" s="0">
        <v>280280028</v>
      </c>
      <c r="AD3" s="0">
        <v>290290029</v>
      </c>
      <c r="AE3" s="0">
        <v>300300030</v>
      </c>
      <c r="AF3" s="0">
        <v>310310031</v>
      </c>
      <c r="AG3" s="0">
        <v>320320032</v>
      </c>
      <c r="AH3" s="0">
        <v>330330033</v>
      </c>
      <c r="AI3" s="0">
        <v>340340034</v>
      </c>
      <c r="AJ3" s="0">
        <v>350350035</v>
      </c>
      <c r="AK3" s="0">
        <v>360360036</v>
      </c>
      <c r="AL3" s="0">
        <v>370370037</v>
      </c>
      <c r="AM3" s="0">
        <v>380380038</v>
      </c>
      <c r="AN3" s="0">
        <v>390390039</v>
      </c>
      <c r="AO3" s="0">
        <v>400400040</v>
      </c>
      <c r="AP3" s="0">
        <v>410410041</v>
      </c>
      <c r="AQ3" s="0">
        <v>420420042</v>
      </c>
      <c r="AR3" s="0">
        <v>430430043</v>
      </c>
      <c r="AS3" s="0">
        <v>440440044</v>
      </c>
      <c r="AT3" s="0">
        <v>450450045</v>
      </c>
      <c r="AU3" s="0">
        <v>460460046</v>
      </c>
      <c r="AV3" s="0">
        <v>470470047</v>
      </c>
      <c r="AW3" s="0">
        <v>480480048</v>
      </c>
      <c r="AX3" s="0">
        <v>490490049</v>
      </c>
      <c r="AY3" s="0">
        <v>500500050</v>
      </c>
      <c r="AZ3" s="0">
        <v>510510051</v>
      </c>
      <c r="BA3" s="0">
        <v>520520052</v>
      </c>
      <c r="BB3" s="0">
        <v>530530053</v>
      </c>
      <c r="BC3" s="0">
        <v>540540054</v>
      </c>
      <c r="BD3" s="0">
        <v>550550055</v>
      </c>
      <c r="BE3" s="0">
        <v>560560056</v>
      </c>
      <c r="BF3" s="0">
        <v>570570057</v>
      </c>
      <c r="BG3" s="0">
        <v>580580058</v>
      </c>
      <c r="BH3" s="0">
        <v>590590059</v>
      </c>
      <c r="BI3" s="0">
        <v>600600060</v>
      </c>
      <c r="BJ3" s="0">
        <v>610610061</v>
      </c>
      <c r="BK3" s="0">
        <v>620620062</v>
      </c>
      <c r="BL3" s="0">
        <v>630630063</v>
      </c>
      <c r="BM3" s="0">
        <v>640640064</v>
      </c>
      <c r="BN3" s="0">
        <v>650650065</v>
      </c>
      <c r="BO3" s="0">
        <v>660660066</v>
      </c>
      <c r="BP3" s="0">
        <v>670670067</v>
      </c>
      <c r="BQ3" s="0">
        <v>680680068</v>
      </c>
      <c r="BR3" s="0">
        <v>690690069</v>
      </c>
      <c r="BS3" s="0">
        <v>700700070</v>
      </c>
      <c r="BT3" s="0">
        <v>710710071</v>
      </c>
      <c r="BU3" s="0">
        <v>720720072</v>
      </c>
      <c r="BV3" s="0">
        <v>730730073</v>
      </c>
      <c r="BW3" s="0">
        <v>740740074</v>
      </c>
      <c r="BX3" s="0">
        <v>750750075</v>
      </c>
      <c r="BY3" s="0">
        <v>760760076</v>
      </c>
      <c r="BZ3" s="0">
        <v>770770077</v>
      </c>
      <c r="CA3" s="0">
        <v>780780078</v>
      </c>
      <c r="CB3" s="0">
        <v>790790079</v>
      </c>
      <c r="CC3" s="0">
        <v>800800080</v>
      </c>
      <c r="CD3" s="0">
        <v>810810081</v>
      </c>
      <c r="CE3" s="0">
        <v>820820082</v>
      </c>
      <c r="CF3" s="0">
        <v>830830083</v>
      </c>
      <c r="CG3" s="0">
        <v>840840084</v>
      </c>
      <c r="CH3" s="0">
        <v>850850085</v>
      </c>
      <c r="CI3" s="0">
        <v>860860086</v>
      </c>
      <c r="CJ3" s="0">
        <v>870870087</v>
      </c>
      <c r="CK3" s="0">
        <v>880880088</v>
      </c>
      <c r="CL3" s="0">
        <v>890890089</v>
      </c>
      <c r="CM3" s="0">
        <v>900900090</v>
      </c>
      <c r="CN3" s="0">
        <v>910910091</v>
      </c>
      <c r="CO3" s="0">
        <v>920920092</v>
      </c>
      <c r="CP3" s="0">
        <v>930930093</v>
      </c>
      <c r="CQ3" s="0">
        <v>940940094</v>
      </c>
      <c r="CR3" s="0">
        <v>950950095</v>
      </c>
      <c r="CS3" s="0">
        <v>960960096</v>
      </c>
      <c r="CT3" s="0">
        <v>970970097</v>
      </c>
      <c r="CU3" s="0">
        <v>980980098</v>
      </c>
      <c r="CV3" s="0">
        <v>990990099</v>
      </c>
      <c r="CW3" s="0">
        <v>1001000100</v>
      </c>
    </row>
  </sheetData>
  <pageMargins left="0.36000000000000004" right="0.2" top="1" bottom="1" header="0.5" footer="0.5" />
  <pageSetup paperSize="9" scale="67" orientation="landscape" horizontalDpi="4294967292" verticalDpi="4294967292" />
</worksheet>
