<?xml version="1.0" encoding="utf-8"?>

<worksheet xmlns="http://schemas.openxmlformats.org/spreadsheetml/2006/main" xmlns:r="http://schemas.openxmlformats.org/officeDocument/2006/relationships" xmlns:mc="http://schemas.openxmlformats.org/markup-compatibility/2006" xmlns:x14ac="http://schemas.microsoft.com/office/spreadsheetml/2009/9/ac" mc:Ignorable="x14ac">
  <sheetData>
    <row r="1">
      <c r="A1" s="0">
        <v>1</v>
      </c>
      <c r="B1" s="0">
        <v>2</v>
      </c>
      <c r="C1" s="0">
        <v>3</v>
      </c>
      <c r="D1" s="0">
        <v>4</v>
      </c>
      <c r="E1" s="0">
        <v>5</v>
      </c>
      <c r="F1" s="0">
        <v>6</v>
      </c>
      <c r="G1" s="0">
        <v>7</v>
      </c>
      <c r="H1" s="0">
        <v>8</v>
      </c>
      <c r="I1" s="0">
        <v>9</v>
      </c>
      <c r="J1" s="0">
        <v>10</v>
      </c>
      <c r="K1" s="0">
        <v>11</v>
      </c>
      <c r="L1" s="0">
        <v>12</v>
      </c>
      <c r="M1" s="0">
        <v>13</v>
      </c>
      <c r="N1" s="0">
        <v>14</v>
      </c>
      <c r="O1" s="0">
        <v>15</v>
      </c>
      <c r="P1" s="0">
        <v>16</v>
      </c>
      <c r="Q1" s="0">
        <v>17</v>
      </c>
      <c r="R1" s="0">
        <v>18</v>
      </c>
      <c r="S1" s="0">
        <v>19</v>
      </c>
      <c r="T1" s="0">
        <v>20</v>
      </c>
      <c r="U1" s="0">
        <v>21</v>
      </c>
      <c r="V1" s="0">
        <v>22</v>
      </c>
      <c r="W1" s="0">
        <v>23</v>
      </c>
      <c r="X1" s="0">
        <v>24</v>
      </c>
      <c r="Y1" s="0">
        <v>25</v>
      </c>
      <c r="Z1" s="0">
        <v>26</v>
      </c>
      <c r="AA1" s="0">
        <v>27</v>
      </c>
      <c r="AB1" s="0">
        <v>28</v>
      </c>
      <c r="AC1" s="0">
        <v>29</v>
      </c>
      <c r="AD1" s="0">
        <v>30</v>
      </c>
      <c r="AE1" s="0">
        <v>31</v>
      </c>
      <c r="AF1" s="0">
        <v>32</v>
      </c>
      <c r="AG1" s="0">
        <v>33</v>
      </c>
      <c r="AH1" s="0">
        <v>34</v>
      </c>
      <c r="AI1" s="0">
        <v>35</v>
      </c>
      <c r="AJ1" s="0">
        <v>36</v>
      </c>
      <c r="AK1" s="0">
        <v>37</v>
      </c>
      <c r="AL1" s="0">
        <v>38</v>
      </c>
      <c r="AM1" s="0">
        <v>39</v>
      </c>
      <c r="AN1" s="0">
        <v>40</v>
      </c>
      <c r="AO1" s="0">
        <v>41</v>
      </c>
      <c r="AP1" s="0">
        <v>42</v>
      </c>
      <c r="AQ1" s="0">
        <v>43</v>
      </c>
      <c r="AR1" s="0">
        <v>44</v>
      </c>
      <c r="AS1" s="0">
        <v>45</v>
      </c>
      <c r="AT1" s="0">
        <v>46</v>
      </c>
      <c r="AU1" s="0">
        <v>47</v>
      </c>
      <c r="AV1" s="0">
        <v>48</v>
      </c>
      <c r="AW1" s="0">
        <v>49</v>
      </c>
      <c r="AX1" s="0">
        <v>50</v>
      </c>
      <c r="AY1" s="0">
        <v>51</v>
      </c>
      <c r="AZ1" s="0">
        <v>52</v>
      </c>
      <c r="BA1" s="0">
        <v>53</v>
      </c>
      <c r="BB1" s="0">
        <v>54</v>
      </c>
      <c r="BC1" s="0">
        <v>55</v>
      </c>
      <c r="BD1" s="0">
        <v>56</v>
      </c>
      <c r="BE1" s="0">
        <v>57</v>
      </c>
      <c r="BF1" s="0">
        <v>58</v>
      </c>
      <c r="BG1" s="0">
        <v>59</v>
      </c>
      <c r="BH1" s="0">
        <v>60</v>
      </c>
      <c r="BI1" s="0">
        <v>61</v>
      </c>
      <c r="BJ1" s="0">
        <v>62</v>
      </c>
      <c r="BK1" s="0">
        <v>63</v>
      </c>
      <c r="BL1" s="0">
        <v>64</v>
      </c>
      <c r="BM1" s="0">
        <v>65</v>
      </c>
      <c r="BN1" s="0">
        <v>66</v>
      </c>
      <c r="BO1" s="0">
        <v>67</v>
      </c>
      <c r="BP1" s="0">
        <v>68</v>
      </c>
      <c r="BQ1" s="0">
        <v>69</v>
      </c>
      <c r="BR1" s="0">
        <v>70</v>
      </c>
      <c r="BS1" s="0">
        <v>71</v>
      </c>
      <c r="BT1" s="0">
        <v>72</v>
      </c>
      <c r="BU1" s="0">
        <v>73</v>
      </c>
      <c r="BV1" s="0">
        <v>74</v>
      </c>
      <c r="BW1" s="0">
        <v>75</v>
      </c>
      <c r="BX1" s="0">
        <v>76</v>
      </c>
      <c r="BY1" s="0">
        <v>77</v>
      </c>
      <c r="BZ1" s="0">
        <v>78</v>
      </c>
      <c r="CA1" s="0">
        <v>79</v>
      </c>
      <c r="CB1" s="0">
        <v>80</v>
      </c>
      <c r="CC1" s="0">
        <v>81</v>
      </c>
      <c r="CD1" s="0">
        <v>82</v>
      </c>
      <c r="CE1" s="0">
        <v>83</v>
      </c>
      <c r="CF1" s="0">
        <v>84</v>
      </c>
      <c r="CG1" s="0">
        <v>85</v>
      </c>
      <c r="CH1" s="0">
        <v>86</v>
      </c>
      <c r="CI1" s="0">
        <v>87</v>
      </c>
      <c r="CJ1" s="0">
        <v>88</v>
      </c>
      <c r="CK1" s="0">
        <v>89</v>
      </c>
      <c r="CL1" s="0">
        <v>90</v>
      </c>
      <c r="CM1" s="0">
        <v>91</v>
      </c>
      <c r="CN1" s="0">
        <v>92</v>
      </c>
      <c r="CO1" s="0">
        <v>93</v>
      </c>
      <c r="CP1" s="0">
        <v>94</v>
      </c>
      <c r="CQ1" s="0">
        <v>95</v>
      </c>
      <c r="CR1" s="0">
        <v>96</v>
      </c>
      <c r="CS1" s="0">
        <v>97</v>
      </c>
      <c r="CT1" s="0">
        <v>98</v>
      </c>
      <c r="CU1" s="0">
        <v>99</v>
      </c>
      <c r="CV1" s="0">
        <v>100</v>
      </c>
    </row>
  </sheetData>
  <pageMargins left="0.36000000000000004" right="0.2" top="1" bottom="1" header="0.5" footer="0.5" />
  <pageSetup paperSize="9" scale="67" orientation="landscape" horizontalDpi="4294967292" verticalDpi="4294967292" />
</worksheet>
