<?xml version="1.0" encoding="utf-8"?>

<worksheet xmlns="http://schemas.openxmlformats.org/spreadsheetml/2006/main" xmlns:r="http://schemas.openxmlformats.org/officeDocument/2006/relationships" xmlns:mc="http://schemas.openxmlformats.org/markup-compatibility/2006" xmlns:x14ac="http://schemas.microsoft.com/office/spreadsheetml/2009/9/ac" mc:Ignorable="x14ac">
  <cols>
    <col min="3" max="4" width="20" customWidth="1" />
  </cols>
  <sheetData>
    <row r="2" />
  </sheetData>
  <pageMargins left="0.36000000000000004" right="0.2" top="1" bottom="1" header="0.5" footer="0.5" />
  <pageSetup paperSize="9" scale="67" orientation="landscape" horizontalDpi="4294967292" verticalDpi="4294967292" />
  <legacyDrawing r:id="rel_vml_drawing_1" />
</worksheet>
