<?xml version="1.0" encoding="utf-8"?>

<styleSheet xmlns="http://schemas.openxmlformats.org/spreadsheetml/2006/main" xmlns:mc="http://schemas.openxmlformats.org/markup-compatibility/2006" xmlns:x14ac="http://schemas.microsoft.com/office/spreadsheetml/2009/9/ac" mc:Ignorable="x14ac">
  <fonts>
    <font>
      <sz val="11" />
      <name val="Calibri" />
    </font>
  </fonts>
  <fills>
    <fill>
      <patternFill patternType="none" />
    </fill>
    <fill>
      <patternFill patternType="gray125" />
    </fill>
  </fills>
  <borders>
    <border>
      <left />
      <right />
      <top />
      <bottom />
      <diagonal />
    </border>
  </borders>
  <cellStyleXfs>
    <xf numFmtId="0" fontId="0" fillId="0" borderId="0" />
  </cellStyleXfs>
  <cellXfs>
    <xf numFmtId="0" fontId="0" fillId="0" borderId="0" xfId="0" />
  </cellXfs>
  <cellStyles count="33">
    <cellStyle name="Normal" xfId="0" builtinId="0" />
  </cellStyles>
  <dxfs count="0" />
</styleSheet>
