<?xml version="1.0" encoding="utf-8"?>

<sst xmlns="http://schemas.openxmlformats.org/spreadsheetml/2006/main" count="24" uniqueCount="24">
  <si>
    <t xml:space="preserve">Courier</t>
  </si>
  <si>
    <t xml:space="preserve">Bold</t>
  </si>
  <si>
    <t xml:space="preserve">Italic</t>
  </si>
  <si>
    <t xml:space="preserve">Underlined</t>
  </si>
</sst>
