<?xml version="1.0" encoding="utf-8"?>

<sst xmlns="http://schemas.openxmlformats.org/spreadsheetml/2006/main" count="24" uniqueCount="24">
</sst>
