<?xml version="1.0" encoding="utf-8"?>

<worksheet xmlns="http://schemas.openxmlformats.org/spreadsheetml/2006/main" xmlns:r="http://schemas.openxmlformats.org/officeDocument/2006/relationships" xmlns:mc="http://schemas.openxmlformats.org/markup-compatibility/2006" xmlns:x14ac="http://schemas.microsoft.com/office/spreadsheetml/2009/9/ac" mc:Ignorable="x14ac">
  <cols>
    <col min="4" max="4" width="18.05" customWidth="1" />
    <col min="5" max="5" width="29.45" customWidth="1" />
    <col min="6" max="6" width="47.5" customWidth="1" />
    <col min="7" max="7" width="47.5" customWidth="1" />
  </cols>
  <sheetData>
    <row r="1">
      <c r="A1" s="0" t="s">
        <v>0</v>
      </c>
      <c r="B1" s="0" t="s">
        <v>1</v>
      </c>
      <c r="C1" s="0" t="s">
        <v>2</v>
      </c>
      <c r="D1" s="0" t="s">
        <v>3</v>
      </c>
      <c r="E1" s="0" t="s">
        <v>4</v>
      </c>
      <c r="F1" s="0" t="s">
        <v>5</v>
      </c>
      <c r="G1" s="0" t="s">
        <v>6</v>
      </c>
      <c r="H1" s="0" t="s">
        <v>7</v>
      </c>
    </row>
    <row r="2">
      <c r="A2" s="0" t="s">
        <v>8</v>
      </c>
      <c r="B2" s="0" t="s">
        <v>9</v>
      </c>
      <c r="C2" s="0" t="s">
        <v>10</v>
      </c>
      <c r="D2" s="0" t="s">
        <v>11</v>
      </c>
      <c r="E2" s="0" t="s">
        <v>12</v>
      </c>
      <c r="F2" s="0" t="s">
        <v>13</v>
      </c>
      <c r="G2" s="0" t="s">
        <v>14</v>
      </c>
      <c r="H2" s="0" t="s">
        <v>15</v>
      </c>
    </row>
  </sheetData>
  <pageMargins left="0.36000000000000004" right="0.2" top="1" bottom="1" header="0.5" footer="0.5" />
  <pageSetup paperSize="9" scale="67" orientation="landscape" horizontalDpi="4294967292" verticalDpi="4294967292" />
</worksheet>
